┌───────┬─────────────────────────┬──────────────┬──────┬────────┬────────────────────────┬──────────────────────────────────────────────────┐
│TAG    │TIME                     │IP            │METHOD│STS     │PATH                    │NOTE                                              │
├───────┼─────────────────────────┼──────────────┼──────┼────────┼────────────────────────┼──────────────────────────────────────────────────┤
┌───────┬─────────────────────────┬──────────────┬──────┬────────┬────────────────────────┬──────────────────────────────────────────────────┐
│TAG    │TIME                     │IP            │METHOD│STS     │PATH                    │NOTE                                              │
├───────┼─────────────────────────┼──────────────┼──────┼────────┼────────────────────────┼──────────────────────────────────────────────────┤
┌───────┬─────────────────────────┬──────────────┬──────┬────────┬────────────────────────┬──────────────────────────────────────────────────┐
│TAG    │TIME                     │IP            │METHOD│STS     │PATH                    │NOTE                                              │
├───────┼─────────────────────────┼──────────────┼──────┼────────┼────────────────────────┼──────────────────────────────────────────────────┤
┌───────┬─────────────────────────┬──────────────┬──────┬────────┬────────────────────────┬──────────────────────────────────────────────────┐
│TAG    │TIME                     │IP            │METHOD│STS     │PATH                    │NOTE                                              │
├───────┼─────────────────────────┼──────────────┼──────┼────────┼────────────────────────┼──────────────────────────────────────────────────┤
INFO: 2026-04-11 11:31:11     [—] [BROWSE FOLDERS] ROOT_DIR 기준 폴더 목록 조회: D:\project\data\wm-811k
┌───────┬─────────────────────────┬──────────────┬──────┬────────┬────────────────────────┬──────────────────────────────────────────────────┐
│TAG    │TIME                     │IP            │METHOD│STS     │PATH                    │NOTE                                              │
├───────┼─────────────────────────┼──────────────┼──────┼────────┼────────────────────────┼──────────────────────────────────────────────────┤
┌───────┬─────────────────────────┬──────────────┬──────┬────────┬────────────────────────┬──────────────────────────────────────────────────┐
│TAG    │TIME                     │IP            │METHOD│STS     │PATH                    │NOTE                                              │
├───────┼─────────────────────────┼──────────────┼──────┼────────┼────────────────────────┼──────────────────────────────────────────────────┤
┌───────┬─────────────────────────┬──────────────┬──────┬────────┬────────────────────────┬──────────────────────────────────────────────────┐
│TAG    │TIME                     │IP            │METHOD│STS     │PATH                    │NOTE                                              │
├───────┼─────────────────────────┼──────────────┼──────┼────────┼────────────────────────┼──────────────────────────────────────────────────┤
INFO: 2026-04-11 11:31:11     [—] [BROWSE FOLDERS] ROOT_DIR 기준 폴더 목록 조회: D:\project\data\wm-811k
INFO: 2026-04-11 11:31:11     [—] [BROWSE FOLDERS] ROOT_DIR 기준 폴더 목록 조회: D:\project\data\wm-811k
INFO: 2026-04-11 11:31:11     [—] [BROWSE FOLDERS] ROOT_DIR 기준 폴더 목록 조회: D:\project\data\wm-811k
INFO: 2026-04-11 11:31:11     [—] [BROWSE FOLDERS] ROOT_DIR 기준 폴더 목록 조회: D:\project\data\wm-811k
┌───────┬─────────────────────────┬──────────────┬──────┬────────┬────────────────────────┬──────────────────────────────────────────────────┐
│TAG    │TIME                     │IP            │METHOD│STS     │PATH                    │NOTE                                              │
├───────┼─────────────────────────┼──────────────┼──────┼────────┼────────────────────────┼──────────────────────────────────────────────────┤
┌───────┬─────────────────────────┬──────────────┬──────┬────────┬────────────────────────┬──────────────────────────────────────────────────┐
│TAG    │TIME                     │IP            │METHOD│STS     │PATH                    │NOTE                                              │
├───────┼─────────────────────────┼──────────────┼──────┼────────┼────────────────────────┼──────────────────────────────────────────────────┤
┌───────┬─────────────────────────┬──────────────┬──────┬────────┬────────────────────────┬──────────────────────────────────────────────────┐
│TAG    │TIME                     │IP            │METHOD│STS     │PATH                    │NOTE                                              │
├───────┼─────────────────────────┼──────────────┼──────┼────────┼────────────────────────┼──────────────────────────────────────────────────┤
┌───────┬─────────────────────────┬──────────────┬──────┬────────┬────────────────────────┬──────────────────────────────────────────────────┐
│TAG    │TIME                     │IP            │METHOD│STS     │PATH                    │NOTE                                              │
├───────┼─────────────────────────┼──────────────┼──────┼────────┼────────────────────────┼──────────────────────────────────────────────────┤
┌───────┬─────────────────────────┬──────────────┬──────┬────────┬────────────────────────┬──────────────────────────────────────────────────┐
│TAG    │TIME                     │IP            │METHOD│STS     │PATH                    │NOTE                                              │
├───────┼─────────────────────────┼──────────────┼──────┼────────┼────────────────────────┼──────────────────────────────────────────────────┤
┌───────┬─────────────────────────┬──────────────┬──────┬────────┬────────────────────────┬──────────────────────────────────────────────────┐
│TAG    │TIME                     │IP            │METHOD│STS     │PATH                    │NOTE                                              │
├───────┼─────────────────────────┼──────────────┼──────┼────────┼────────────────────────┼──────────────────────────────────────────────────┤
┌───────┬─────────────────────────┬──────────────┬──────┬────────┬────────────────────────┬──────────────────────────────────────────────────┐
│TAG    │TIME                     │IP            │METHOD│STS     │PATH                    │NOTE                                              │
├───────┼─────────────────────────┼──────────────┼──────┼────────┼────────────────────────┼──────────────────────────────────────────────────┤
┌───────┬─────────────────────────┬──────────────┬──────┬────────┬────────────────────────┬──────────────────────────────────────────────────┐
│TAG    │TIME                     │IP            │METHOD│STS     │PATH                    │NOTE                                              │
├───────┼─────────────────────────┼──────────────┼──────┼────────┼────────────────────────┼──────────────────────────────────────────────────┤
┌───────┬─────────────────────────┬──────────────┬──────┬────────┬────────────────────────┬──────────────────────────────────────────────────┐
│TAG    │TIME                     │IP            │METHOD│STS     │PATH                    │NOTE                                              │
├───────┼─────────────────────────┼──────────────┼──────┼────────┼────────────────────────┼──────────────────────────────────────────────────┤
INFO: 2026-04-11 11:31:11     [—] [BROWSE FOLDERS] ROOT_DIR 기준 폴더 목록 조회: D:\project\data\wm-811k
INFO: 2026-04-11 11:31:11     [—] [BROWSE FOLDERS] ROOT_DIR 기준 폴더 목록 조회: D:\project\data\wm-811k
INFO: 2026-04-11 11:31:11     [—] [BROWSE FOLDERS] ROOT_DIR 기준 폴더 목록 조회: D:\project\data\wm-811k
INFO: 2026-04-11 11:31:11     [—] [BROWSE FOLDERS] ROOT_DIR 기준 폴더 목록 조회: D:\project\data\wm-811k
INFO: 2026-04-11 11:31:11     [—] [BROWSE FOLDERS] ROOT_DIR 기준 폴더 목록 조회: D:\project\data\wm-811k
INFO: 2026-04-11 11:31:11     [—] [BROWSE FOLDERS] ROOT_DIR 기준 폴더 목록 조회: D:\project\data\wm-811k
ERROR: 2026-04-11 11:31:18     ❌ [INDEX] 캐시 로드 중 오류: 
ERROR: 2026-04-11 11:31:19     ❌ [INDEX] 캐시 로드 중 오류: 
ERROR: 2026-04-11 11:31:19     ❌ [INDEX] 캐시 로드 중 오류: 
ERROR: 2026-04-11 11:31:26     ❌ [INDEX] Background build error: 
Traceback (most recent call last):
  File "D:\project\mapviewer\api\main.py", line 1705, in _lifespan_background_init
    build_result = await index_service.build(force=True, allow_background=False)
                   ^^^^^^^^^^^^^^^^^^^^^^^^^^^^^^^^^^^^^^^^^^^^^^^^^^^^^^^^^^^^^
  File "D:\project\mapviewer\api\index_service.py", line 892, in build
    sorted_keys, sorted_names, total_dirs, completed_dirs = await loop.run_in_executor(
                                                            ^^^^^^^^^^^^^^^^^^^^^^^^^^^
        self._io_pool, self._walk_and_collect
        ^^^^^^^^^^^^^^^^^^^^^^^^^^^^^^^^^^^^^
    )
    ^
  File "C:\Users\hgcho\AppData\Local\Programs\Python\Python313\Lib\concurrent\futures\thread.py", line 59, in run
    result = self.fn(*self.args, **self.kwargs)
  File "D:\project\mapviewer\api\index_service.py", line 855, in _walk_and_collect
    keys.append(dir_prefix + fname)
    ~~~~~~~~~~~^^^^^^^^^^^^^^^^^^^^
MemoryError
┌───────┬─────────────────────────┬──────────────┬──────┬────────┬────────────────────────┬──────────────────────────────────────────────────┐
│TAG    │TIME                     │IP            │METHOD│STS     │PATH                    │NOTE                                              │
├───────┼─────────────────────────┼──────────────┼──────┼────────┼────────────────────────┼──────────────────────────────────────────────────┤
WARNING: 2026-04-11 11:31:36     ⚠️ [INDEX] 서버 시작 시 락 파일 제거: D:\project\data\wm-811k\.file_index_cache_443.lock
ERROR: 2026-04-11 11:31:36     Traceback (most recent call last):
  File "C:\Users\hgcho\AppData\Local\Programs\Python\Python313\Lib\asyncio\runners.py", line 195, in run
    return runner.run(main)
           ~~~~~~~~~~^^^^^^
  File "C:\Users\hgcho\AppData\Local\Programs\Python\Python313\Lib\asyncio\runners.py", line 118, in run
    return self._loop.run_until_complete(task)
           ~~~~~~~~~~~~~~~~~~~~~~~~~~~~~^^^^^^
  File "C:\Users\hgcho\AppData\Local\Programs\Python\Python313\Lib\asyncio\base_events.py", line 712, in run_until_complete
    self.run_forever()
    ~~~~~~~~~~~~~~~~^^
  File "C:\Users\hgcho\AppData\Local\Programs\Python\Python313\Lib\asyncio\base_events.py", line 683, in run_forever
    self._run_once()
    ~~~~~~~~~~~~~~^^
  File "C:\Users\hgcho\AppData\Local\Programs\Python\Python313\Lib\asyncio\base_events.py", line 2050, in _run_once
    handle._run()
    ~~~~~~~~~~~^^
  File "C:\Users\hgcho\AppData\Local\Programs\Python\Python313\Lib\asyncio\events.py", line 89, in _run
    self._context.run(self._callback, *self._args)
    ~~~~~~~~~~~~~~~~~^^^^^^^^^^^^^^^^^^^^^^^^^^^^^
  File "C:\Users\hgcho\AppData\Local\Programs\Python\Python313\Lib\site-packages\uvicorn\server.py", line 70, in serve
    with self.capture_signals():
         ~~~~~~~~~~~~~~~~~~~~^^
  File "C:\Users\hgcho\AppData\Local\Programs\Python\Python313\Lib\contextlib.py", line 148, in __exit__
    next(self.gen)
    ~~~~^^^^^^^^^^
  File "C:\Users\hgcho\AppData\Local\Programs\Python\Python313\Lib\site-packages\uvicorn\server.py", line 331, in capture_signals
    signal.raise_signal(captured_signal)
    ~~~~~~~~~~~~~~~~~~~^^^^^^^^^^^^^^^^^
  File "C:\Users\hgcho\AppData\Local\Programs\Python\Python313\Lib\asyncio\runners.py", line 157, in _on_sigint
    raise KeyboardInterrupt()
KeyboardInterrupt

During handling of the above exception, another exception occurred:

Traceback (most recent call last):
  File "C:\Users\hgcho\AppData\Local\Programs\Python\Python313\Lib\site-packages\starlette\routing.py", line 645, in lifespan
    await receive()
  File "C:\Users\hgcho\AppData\Local\Programs\Python\Python313\Lib\site-packages\uvicorn\lifespan\on.py", line 137, in receive
    return await self.receive_queue.get()
           ^^^^^^^^^^^^^^^^^^^^^^^^^^^^^^
  File "C:\Users\hgcho\AppData\Local\Programs\Python\Python313\Lib\asyncio\queues.py", line 186, in get
    await getter
asyncio.exceptions.CancelledError

ERROR: 2026-04-11 11:31:36     Traceback (most recent call last):
  File "C:\Users\hgcho\AppData\Local\Programs\Python\Python313\Lib\asyncio\runners.py", line 195, in run
    return runner.run(main)
           ~~~~~~~~~~^^^^^^
  File "C:\Users\hgcho\AppData\Local\Programs\Python\Python313\Lib\asyncio\runners.py", line 118, in run
    return self._loop.run_until_complete(task)
           ~~~~~~~~~~~~~~~~~~~~~~~~~~~~~^^^^^^
  File "C:\Users\hgcho\AppData\Local\Programs\Python\Python313\Lib\asyncio\base_events.py", line 712, in run_until_complete
    self.run_forever()
    ~~~~~~~~~~~~~~~~^^
  File "C:\Users\hgcho\AppData\Local\Programs\Python\Python313\Lib\asyncio\base_events.py", line 683, in run_forever
    self._run_once()
    ~~~~~~~~~~~~~~^^
  File "C:\Users\hgcho\AppData\Local\Programs\Python\Python313\Lib\asyncio\base_events.py", line 2050, in _run_once
    handle._run()
    ~~~~~~~~~~~^^
  File "C:\Users\hgcho\AppData\Local\Programs\Python\Python313\Lib\asyncio\events.py", line 89, in _run
    self._context.run(self._callback, *self._args)
    ~~~~~~~~~~~~~~~~~^^^^^^^^^^^^^^^^^^^^^^^^^^^^^
  File "C:\Users\hgcho\AppData\Local\Programs\Python\Python313\Lib\site-packages\uvicorn\server.py", line 70, in serve
    with self.capture_signals():
         ~~~~~~~~~~~~~~~~~~~~^^
  File "C:\Users\hgcho\AppData\Local\Programs\Python\Python313\Lib\contextlib.py", line 148, in __exit__
    next(self.gen)
    ~~~~^^^^^^^^^^
  File "C:\Users\hgcho\AppData\Local\Programs\Python\Python313\Lib\site-packages\uvicorn\server.py", line 331, in capture_signals
    signal.raise_signal(captured_signal)
    ~~~~~~~~~~~~~~~~~~~^^^^^^^^^^^^^^^^^
  File "C:\Users\hgcho\AppData\Local\Programs\Python\Python313\Lib\asyncio\runners.py", line 157, in _on_sigint
    raise KeyboardInterrupt()
KeyboardInterrupt

During handling of the above exception, another exception occurred:

Traceback (most recent call last):
  File "C:\Users\hgcho\AppData\Local\Programs\Python\Python313\Lib\site-packages\starlette\routing.py", line 645, in lifespan
    await receive()
  File "C:\Users\hgcho\AppData\Local\Programs\Python\Python313\Lib\site-packages\uvicorn\lifespan\on.py", line 137, in receive
    return await self.receive_queue.get()
           ^^^^^^^^^^^^^^^^^^^^^^^^^^^^^^
  File "C:\Users\hgcho\AppData\Local\Programs\Python\Python313\Lib\asyncio\queues.py", line 186, in get
    await getter
asyncio.exceptions.CancelledError

ERROR: 2026-04-11 11:31:37     Traceback (most recent call last):
  File "C:\Users\hgcho\AppData\Local\Programs\Python\Python313\Lib\asyncio\runners.py", line 195, in run
    return runner.run(main)
           ~~~~~~~~~~^^^^^^
  File "C:\Users\hgcho\AppData\Local\Programs\Python\Python313\Lib\asyncio\runners.py", line 118, in run
    return self._loop.run_until_complete(task)
           ~~~~~~~~~~~~~~~~~~~~~~~~~~~~~^^^^^^
  File "C:\Users\hgcho\AppData\Local\Programs\Python\Python313\Lib\asyncio\base_events.py", line 712, in run_until_complete
    self.run_forever()
    ~~~~~~~~~~~~~~~~^^
  File "C:\Users\hgcho\AppData\Local\Programs\Python\Python313\Lib\asyncio\base_events.py", line 683, in run_forever
    self._run_once()
    ~~~~~~~~~~~~~~^^
  File "C:\Users\hgcho\AppData\Local\Programs\Python\Python313\Lib\asyncio\base_events.py", line 2050, in _run_once
    handle._run()
    ~~~~~~~~~~~^^
  File "C:\Users\hgcho\AppData\Local\Programs\Python\Python313\Lib\asyncio\events.py", line 89, in _run
    self._context.run(self._callback, *self._args)
    ~~~~~~~~~~~~~~~~~^^^^^^^^^^^^^^^^^^^^^^^^^^^^^
  File "C:\Users\hgcho\AppData\Local\Programs\Python\Python313\Lib\site-packages\uvicorn\server.py", line 70, in serve
    with self.capture_signals():
         ~~~~~~~~~~~~~~~~~~~~^^
  File "C:\Users\hgcho\AppData\Local\Programs\Python\Python313\Lib\contextlib.py", line 148, in __exit__
    next(self.gen)
    ~~~~^^^^^^^^^^
  File "C:\Users\hgcho\AppData\Local\Programs\Python\Python313\Lib\site-packages\uvicorn\server.py", line 331, in capture_signals
    signal.raise_signal(captured_signal)
    ~~~~~~~~~~~~~~~~~~~^^^^^^^^^^^^^^^^^
  File "C:\Users\hgcho\AppData\Local\Programs\Python\Python313\Lib\asyncio\runners.py", line 157, in _on_sigint
    raise KeyboardInterrupt()
KeyboardInterrupt

During handling of the above exception, another exception occurred:

Traceback (most recent call last):
  File "C:\Users\hgcho\AppData\Local\Programs\Python\Python313\Lib\site-packages\starlette\routing.py", line 645, in lifespan
    await receive()
  File "C:\Users\hgcho\AppData\Local\Programs\Python\Python313\Lib\site-packages\uvicorn\lifespan\on.py", line 137, in receive
    return await self.receive_queue.get()
           ^^^^^^^^^^^^^^^^^^^^^^^^^^^^^^
  File "C:\Users\hgcho\AppData\Local\Programs\Python\Python313\Lib\asyncio\queues.py", line 186, in get
    await getter
asyncio.exceptions.CancelledError

ERROR: 2026-04-11 11:31:37     Traceback (most recent call last):
  File "C:\Users\hgcho\AppData\Local\Programs\Python\Python313\Lib\asyncio\runners.py", line 195, in run
    return runner.run(main)
           ~~~~~~~~~~^^^^^^
  File "C:\Users\hgcho\AppData\Local\Programs\Python\Python313\Lib\asyncio\runners.py", line 118, in run
    return self._loop.run_until_complete(task)
           ~~~~~~~~~~~~~~~~~~~~~~~~~~~~~^^^^^^
  File "C:\Users\hgcho\AppData\Local\Programs\Python\Python313\Lib\asyncio\base_events.py", line 712, in run_until_complete
    self.run_forever()
    ~~~~~~~~~~~~~~~~^^
  File "C:\Users\hgcho\AppData\Local\Programs\Python\Python313\Lib\asyncio\base_events.py", line 683, in run_forever
    self._run_once()
    ~~~~~~~~~~~~~~^^
  File "C:\Users\hgcho\AppData\Local\Programs\Python\Python313\Lib\asyncio\base_events.py", line 2050, in _run_once
    handle._run()
    ~~~~~~~~~~~^^
  File "C:\Users\hgcho\AppData\Local\Programs\Python\Python313\Lib\asyncio\events.py", line 89, in _run
    self._context.run(self._callback, *self._args)
    ~~~~~~~~~~~~~~~~~^^^^^^^^^^^^^^^^^^^^^^^^^^^^^
  File "C:\Users\hgcho\AppData\Local\Programs\Python\Python313\Lib\site-packages\uvicorn\server.py", line 70, in serve
    with self.capture_signals():
         ~~~~~~~~~~~~~~~~~~~~^^
  File "C:\Users\hgcho\AppData\Local\Programs\Python\Python313\Lib\contextlib.py", line 148, in __exit__
    next(self.gen)
    ~~~~^^^^^^^^^^
  File "C:\Users\hgcho\AppData\Local\Programs\Python\Python313\Lib\site-packages\uvicorn\server.py", line 331, in capture_signals
    signal.raise_signal(captured_signal)
    ~~~~~~~~~~~~~~~~~~~^^^^^^^^^^^^^^^^^
  File "C:\Users\hgcho\AppData\Local\Programs\Python\Python313\Lib\asyncio\runners.py", line 157, in _on_sigint
    raise KeyboardInterrupt()
KeyboardInterrupt

During handling of the above exception, another exception occurred:

Traceback (most recent call last):
  File "C:\Users\hgcho\AppData\Local\Programs\Python\Python313\Lib\site-packages\starlette\routing.py", line 645, in lifespan
    await receive()
  File "C:\Users\hgcho\AppData\Local\Programs\Python\Python313\Lib\site-packages\uvicorn\lifespan\on.py", line 137, in receive
    return await self.receive_queue.get()
           ^^^^^^^^^^^^^^^^^^^^^^^^^^^^^^
  File "C:\Users\hgcho\AppData\Local\Programs\Python\Python313\Lib\asyncio\queues.py", line 186, in get
    await getter
asyncio.exceptions.CancelledError

ERROR: 2026-04-11 11:31:38     Traceback (most recent call last):
  File "C:\Users\hgcho\AppData\Local\Programs\Python\Python313\Lib\asyncio\runners.py", line 195, in run
    return runner.run(main)
           ~~~~~~~~~~^^^^^^
  File "C:\Users\hgcho\AppData\Local\Programs\Python\Python313\Lib\asyncio\runners.py", line 118, in run
    return self._loop.run_until_complete(task)
           ~~~~~~~~~~~~~~~~~~~~~~~~~~~~~^^^^^^
  File "C:\Users\hgcho\AppData\Local\Programs\Python\Python313\Lib\asyncio\base_events.py", line 712, in run_until_complete
    self.run_forever()
    ~~~~~~~~~~~~~~~~^^
  File "C:\Users\hgcho\AppData\Local\Programs\Python\Python313\Lib\asyncio\base_events.py", line 683, in run_forever
    self._run_once()
    ~~~~~~~~~~~~~~^^
  File "C:\Users\hgcho\AppData\Local\Programs\Python\Python313\Lib\asyncio\base_events.py", line 2050, in _run_once
    handle._run()
    ~~~~~~~~~~~^^
  File "C:\Users\hgcho\AppData\Local\Programs\Python\Python313\Lib\asyncio\events.py", line 89, in _run
    self._context.run(self._callback, *self._args)
    ~~~~~~~~~~~~~~~~~^^^^^^^^^^^^^^^^^^^^^^^^^^^^^
  File "C:\Users\hgcho\AppData\Local\Programs\Python\Python313\Lib\site-packages\uvicorn\server.py", line 70, in serve
    with self.capture_signals():
         ~~~~~~~~~~~~~~~~~~~~^^
  File "C:\Users\hgcho\AppData\Local\Programs\Python\Python313\Lib\contextlib.py", line 148, in __exit__
    next(self.gen)
    ~~~~^^^^^^^^^^
  File "C:\Users\hgcho\AppData\Local\Programs\Python\Python313\Lib\site-packages\uvicorn\server.py", line 331, in capture_signals
    signal.raise_signal(captured_signal)
    ~~~~~~~~~~~~~~~~~~~^^^^^^^^^^^^^^^^^
  File "C:\Users\hgcho\AppData\Local\Programs\Python\Python313\Lib\asyncio\runners.py", line 157, in _on_sigint
    raise KeyboardInterrupt()
KeyboardInterrupt

During handling of the above exception, another exception occurred:

Traceback (most recent call last):
  File "C:\Users\hgcho\AppData\Local\Programs\Python\Python313\Lib\site-packages\starlette\routing.py", line 645, in lifespan
    await receive()
  File "C:\Users\hgcho\AppData\Local\Programs\Python\Python313\Lib\site-packages\uvicorn\lifespan\on.py", line 137, in receive
    return await self.receive_queue.get()
           ^^^^^^^^^^^^^^^^^^^^^^^^^^^^^^
  File "C:\Users\hgcho\AppData\Local\Programs\Python\Python313\Lib\asyncio\queues.py", line 186, in get
    await getter
asyncio.exceptions.CancelledError

INFO: 2026-04-11 11:50:02     [—] [BROWSE FOLDERS] ROOT_DIR 기준 폴더 목록 조회: D:\project\data\wm-811k
INFO: 2026-04-11 11:50:02     [—] [BROWSE FOLDERS] ROOT_DIR 기준 폴더 목록 조회: D:\project\data\wm-811k
INFO: 2026-04-11 11:50:02     [—] [BROWSE FOLDERS] ROOT_DIR 기준 폴더 목록 조회: D:\project\data\wm-811k
ERROR: 2026-04-11 11:50:02     Traceback (most recent call last):
  File "C:\Users\hgcho\AppData\Local\Programs\Python\Python313\Lib\asyncio\runners.py", line 118, in run
    return self._loop.run_until_complete(task)
           ~~~~~~~~~~~~~~~~~~~~~~~~~~~~~^^^^^^
  File "C:\Users\hgcho\AppData\Local\Programs\Python\Python313\Lib\asyncio\base_events.py", line 725, in run_until_complete
    return future.result()
           ~~~~~~~~~~~~~^^
asyncio.exceptions.CancelledError

During handling of the above exception, another exception occurred:

Traceback (most recent call last):
  File "C:\Users\hgcho\AppData\Local\Programs\Python\Python313\Lib\asyncio\runners.py", line 195, in run
    return runner.run(main)
           ~~~~~~~~~~^^^^^^
  File "C:\Users\hgcho\AppData\Local\Programs\Python\Python313\Lib\asyncio\runners.py", line 123, in run
    raise KeyboardInterrupt()
KeyboardInterrupt

During handling of the above exception, another exception occurred:

Traceback (most recent call last):
  File "C:\Users\hgcho\AppData\Local\Programs\Python\Python313\Lib\site-packages\starlette\routing.py", line 645, in lifespan
    await receive()
  File "C:\Users\hgcho\AppData\Local\Programs\Python\Python313\Lib\site-packages\uvicorn\lifespan\on.py", line 137, in receive
    return await self.receive_queue.get()
           ^^^^^^^^^^^^^^^^^^^^^^^^^^^^^^
  File "C:\Users\hgcho\AppData\Local\Programs\Python\Python313\Lib\asyncio\queues.py", line 186, in get
    await getter
asyncio.exceptions.CancelledError

INFO: 2026-04-11 11:50:02     [—] [BROWSE FOLDERS] ROOT_DIR 기준 폴더 목록 조회: D:\project\data\wm-811k
INFO: 2026-04-11 11:50:02     [—] [BROWSE FOLDERS] ROOT_DIR 기준 폴더 목록 조회: D:\project\data\wm-811k
ERROR: 2026-04-11 11:50:02     Traceback (most recent call last):
  File "C:\Users\hgcho\AppData\Local\Programs\Python\Python313\Lib\asyncio\runners.py", line 118, in run
    return self._loop.run_until_complete(task)
           ~~~~~~~~~~~~~~~~~~~~~~~~~~~~~^^^^^^
  File "C:\Users\hgcho\AppData\Local\Programs\Python\Python313\Lib\asyncio\base_events.py", line 725, in run_until_complete
    return future.result()
           ~~~~~~~~~~~~~^^
asyncio.exceptions.CancelledError

During handling of the above exception, another exception occurred:

Traceback (most recent call last):
  File "C:\Users\hgcho\AppData\Local\Programs\Python\Python313\Lib\asyncio\runners.py", line 195, in run
    return runner.run(main)
           ~~~~~~~~~~^^^^^^
  File "C:\Users\hgcho\AppData\Local\Programs\Python\Python313\Lib\asyncio\runners.py", line 123, in run
    raise KeyboardInterrupt()
KeyboardInterrupt

During handling of the above exception, another exception occurred:

Traceback (most recent call last):
  File "C:\Users\hgcho\AppData\Local\Programs\Python\Python313\Lib\site-packages\starlette\routing.py", line 645, in lifespan
    await receive()
  File "C:\Users\hgcho\AppData\Local\Programs\Python\Python313\Lib\site-packages\uvicorn\lifespan\on.py", line 137, in receive
    return await self.receive_queue.get()
           ^^^^^^^^^^^^^^^^^^^^^^^^^^^^^^
  File "C:\Users\hgcho\AppData\Local\Programs\Python\Python313\Lib\asyncio\queues.py", line 186, in get
    await getter
asyncio.exceptions.CancelledError

ERROR: 2026-04-11 11:50:02     Traceback (most recent call last):
  File "C:\Users\hgcho\AppData\Local\Programs\Python\Python313\Lib\asyncio\runners.py", line 118, in run
    return self._loop.run_until_complete(task)
           ~~~~~~~~~~~~~~~~~~~~~~~~~~~~~^^^^^^
  File "C:\Users\hgcho\AppData\Local\Programs\Python\Python313\Lib\asyncio\base_events.py", line 725, in run_until_complete
    return future.result()
           ~~~~~~~~~~~~~^^
asyncio.exceptions.CancelledError

During handling of the above exception, another exception occurred:

Traceback (most recent call last):
  File "C:\Users\hgcho\AppData\Local\Programs\Python\Python313\Lib\asyncio\runners.py", line 195, in run
    return runner.run(main)
           ~~~~~~~~~~^^^^^^
  File "C:\Users\hgcho\AppData\Local\Programs\Python\Python313\Lib\asyncio\runners.py", line 123, in run
    raise KeyboardInterrupt()
KeyboardInterrupt

During handling of the above exception, another exception occurred:

Traceback (most recent call last):
  File "C:\Users\hgcho\AppData\Local\Programs\Python\Python313\Lib\site-packages\starlette\routing.py", line 645, in lifespan
    await receive()
  File "C:\Users\hgcho\AppData\Local\Programs\Python\Python313\Lib\site-packages\uvicorn\lifespan\on.py", line 137, in receive
    return await self.receive_queue.get()
           ^^^^^^^^^^^^^^^^^^^^^^^^^^^^^^
  File "C:\Users\hgcho\AppData\Local\Programs\Python\Python313\Lib\asyncio\queues.py", line 186, in get
    await getter
asyncio.exceptions.CancelledError

ERROR: 2026-04-11 11:50:02     Traceback (most recent call last):
  File "C:\Users\hgcho\AppData\Local\Programs\Python\Python313\Lib\asyncio\runners.py", line 118, in run
    return self._loop.run_until_complete(task)
           ~~~~~~~~~~~~~~~~~~~~~~~~~~~~~^^^^^^
  File "C:\Users\hgcho\AppData\Local\Programs\Python\Python313\Lib\asyncio\base_events.py", line 725, in run_until_complete
    return future.result()
           ~~~~~~~~~~~~~^^
asyncio.exceptions.CancelledError

During handling of the above exception, another exception occurred:

Traceback (most recent call last):
  File "C:\Users\hgcho\AppData\Local\Programs\Python\Python313\Lib\asyncio\runners.py", line 195, in run
    return runner.run(main)
           ~~~~~~~~~~^^^^^^
  File "C:\Users\hgcho\AppData\Local\Programs\Python\Python313\Lib\asyncio\runners.py", line 123, in run
    raise KeyboardInterrupt()
KeyboardInterrupt

During handling of the above exception, another exception occurred:

Traceback (most recent call last):
  File "C:\Users\hgcho\AppData\Local\Programs\Python\Python313\Lib\site-packages\starlette\routing.py", line 645, in lifespan
    await receive()
  File "C:\Users\hgcho\AppData\Local\Programs\Python\Python313\Lib\site-packages\uvicorn\lifespan\on.py", line 137, in receive
    return await self.receive_queue.get()
           ^^^^^^^^^^^^^^^^^^^^^^^^^^^^^^
  File "C:\Users\hgcho\AppData\Local\Programs\Python\Python313\Lib\asyncio\queues.py", line 186, in get
    await getter
asyncio.exceptions.CancelledError

ERROR: 2026-04-11 11:50:02     Traceback (most recent call last):
  File "C:\Users\hgcho\AppData\Local\Programs\Python\Python313\Lib\asyncio\runners.py", line 118, in run
    return self._loop.run_until_complete(task)
           ~~~~~~~~~~~~~~~~~~~~~~~~~~~~~^^^^^^
  File "C:\Users\hgcho\AppData\Local\Programs\Python\Python313\Lib\asyncio\base_events.py", line 725, in run_until_complete
    return future.result()
           ~~~~~~~~~~~~~^^
asyncio.exceptions.CancelledError

During handling of the above exception, another exception occurred:

Traceback (most recent call last):
  File "C:\Users\hgcho\AppData\Local\Programs\Python\Python313\Lib\asyncio\runners.py", line 195, in run
    return runner.run(main)
           ~~~~~~~~~~^^^^^^
  File "C:\Users\hgcho\AppData\Local\Programs\Python\Python313\Lib\asyncio\runners.py", line 123, in run
    raise KeyboardInterrupt()
KeyboardInterrupt

During handling of the above exception, another exception occurred:

Traceback (most recent call last):
  File "C:\Users\hgcho\AppData\Local\Programs\Python\Python313\Lib\site-packages\starlette\routing.py", line 645, in lifespan
    await receive()
  File "C:\Users\hgcho\AppData\Local\Programs\Python\Python313\Lib\site-packages\uvicorn\lifespan\on.py", line 137, in receive
    return await self.receive_queue.get()
           ^^^^^^^^^^^^^^^^^^^^^^^^^^^^^^
  File "C:\Users\hgcho\AppData\Local\Programs\Python\Python313\Lib\asyncio\queues.py", line 186, in get
    await getter
asyncio.exceptions.CancelledError

INFO: 2026-04-11 11:50:02     [—] [BROWSE FOLDERS] ROOT_DIR 기준 폴더 목록 조회: D:\project\data\wm-811k
ERROR: 2026-04-11 11:50:02     Traceback (most recent call last):
  File "C:\Users\hgcho\AppData\Local\Programs\Python\Python313\Lib\asyncio\runners.py", line 118, in run
    return self._loop.run_until_complete(task)
           ~~~~~~~~~~~~~~~~~~~~~~~~~~~~~^^^^^^
  File "C:\Users\hgcho\AppData\Local\Programs\Python\Python313\Lib\asyncio\base_events.py", line 725, in run_until_complete
    return future.result()
           ~~~~~~~~~~~~~^^
asyncio.exceptions.CancelledError

During handling of the above exception, another exception occurred:

Traceback (most recent call last):
  File "C:\Users\hgcho\AppData\Local\Programs\Python\Python313\Lib\asyncio\runners.py", line 195, in run
    return runner.run(main)
           ~~~~~~~~~~^^^^^^
  File "C:\Users\hgcho\AppData\Local\Programs\Python\Python313\Lib\asyncio\runners.py", line 123, in run
    raise KeyboardInterrupt()
KeyboardInterrupt

During handling of the above exception, another exception occurred:

Traceback (most recent call last):
  File "C:\Users\hgcho\AppData\Local\Programs\Python\Python313\Lib\site-packages\starlette\routing.py", line 645, in lifespan
    await receive()
  File "C:\Users\hgcho\AppData\Local\Programs\Python\Python313\Lib\site-packages\uvicorn\lifespan\on.py", line 137, in receive
    return await self.receive_queue.get()
           ^^^^^^^^^^^^^^^^^^^^^^^^^^^^^^
  File "C:\Users\hgcho\AppData\Local\Programs\Python\Python313\Lib\asyncio\queues.py", line 186, in get
    await getter
asyncio.exceptions.CancelledError

