[     610ms] [LOG] 🔍 [STATE_DEBUG] currentFolderPath 초기화: null @ https://localhost:8444/js/main.js?v=4d3ac96-3b374a39a366:938
[     624ms] [LOG] [RefMap] 페이지 로드 시 초기화됨 @ https://localhost:8444/js/main.js?v=4d3ac96-3b374a39a366:6575
[     627ms] [LOG] [CONFIG] 서버 설정 로드 완료: {PYRAMID_LEVELS: Array(4), PYRAMID_ZOOM_THRESHOLDS: Array(3), THUMB_BATCH_SIZE: 84, THUMB_MAX_CONCURRENCY: 42, GRID_MAX_CONCURRENCY: 48} @ https://localhost:8444/js/main.js?v=4d3ac96-3b374a39a366:6783
[     639ms] [LOG] 🔍 [INIT] currentFolderPath 최종: D:\project\data\wm-811k @ https://localhost:8444/js/main.js?v=4d3ac96-3b374a39a366:6645
[     681ms] [LOG] [FetchOptimizer] Cache cleared @ https://localhost:8444/js/fetch-optimizer.js?v=4d3ac96-3b374a39a366:101
[     681ms] [ERROR] Failed to load resource: the server responded with a status of 404 (Not Found) @ https://localhost:8444/favicon.ico:0
[  145566ms] [LOG] 📍 [LOT-GRID] 스크롤 복원 준비: targetScrollTop= undefined @ https://localhost:8444/js/main.js?v=4d3ac96-3b374a39a366:28000
[  145613ms] [WARNING] ⚠️ [LOT-GRID] 복원할 스크롤 위치 없음 (scrollTop: undefined) @ https://localhost:8444/js/main.js?v=4d3ac96-3b374a39a366:28042
[  145941ms] [LOG] 🔍 [ADD_CLASS_PERF] 클래스 추가 시작: {count: 1, names: Array(1)} @ https://localhost:8444/js/main.js?v=4d3ac96-3b374a39a366:15327
[  145941ms] [LOG] 🔍 [ADD_CLASS] classMode: wafer, apiUrl: /api/classes?mode=wafer, className: e2e_class_a @ https://localhost:8444/js/main.js?v=4d3ac96-3b374a39a366:15335
[  146544ms] [ERROR] Failed to load resource: net::ERR_INSUFFICIENT_RESOURCES @ https://localhost:8444/api/thumbnail?path=palette_3k%2FABC123_00C_04_0195_EE_PWQ.png&size=512&personalized=true&scheme=notsaml&_t=260411122208:0
[  146715ms] [LOG] 🔍 [ADD_CLASS] Response status: 200, ok: true @ https://localhost:8444/js/main.js?v=4d3ac96-3b374a39a366:15343
[  146721ms] [LOG] 🔍 [ADD_CLASS_PERF] 클래스 추가 완료: {totalTime: 780.1ms, successCount: 1, requestedCount: 1} @ https://localhost:8444/js/main.js?v=4d3ac96-3b374a39a366:15398
[  146929ms] [LOG] 🔍 [ADD_CLASS_PERF] 클래스 추가 시작: {count: 3, names: Array(3)} @ https://localhost:8444/js/main.js?v=4d3ac96-3b374a39a366:15327
[  146929ms] [LOG] 🔍 [ADD_CLASS] classMode: wafer, apiUrl: /api/classes?mode=wafer, className: e2e_class_b @ https://localhost:8444/js/main.js?v=4d3ac96-3b374a39a366:15335
[  147943ms] [ERROR] Failed to load resource: net::ERR_INSUFFICIENT_RESOURCES @ https://localhost:8444/api/classes?mode=wafer:0
[  147944ms] [ERROR] 클래스 'e2e_class_b' 추가 중 오류 발생: TypeError: Failed to fetch
    at WaferMapViewer.addClass (https://localhost:8444/js/main.js?v=4d3ac96-3b374a39a366:15338:44)
    at eval (eval at <anonymous> (eval at evaluate (:302:30)), <anonymous>:1:595)
    at async eval (eval at evaluate (:302:30), <anonymous>:4:30)
    at async <anonymous>:328:30 @ https://localhost:8444/js/main.js?v=4d3ac96-3b374a39a366:15378
[  147944ms] [LOG] 🔍 [ADD_CLASS] classMode: wafer, apiUrl: /api/classes?mode=wafer, className: e2e_class_c @ https://localhost:8444/js/main.js?v=4d3ac96-3b374a39a366:15335
[  147949ms] [LOG] 🔍 [ADD_CLASS] Response status: 200, ok: true @ https://localhost:8444/js/main.js?v=4d3ac96-3b374a39a366:15343
[  147949ms] [LOG] 🔍 [ADD_CLASS] classMode: wafer, apiUrl: /api/classes?mode=wafer, className: e2e_class_d @ https://localhost:8444/js/main.js?v=4d3ac96-3b374a39a366:15335
[  147952ms] [LOG] 🔍 [ADD_CLASS] Response status: 200, ok: true @ https://localhost:8444/js/main.js?v=4d3ac96-3b374a39a366:15343
[  147956ms] [LOG] 🔍 [ADD_CLASS_PERF] 클래스 추가 완료: {totalTime: 1026.4ms, successCount: 2, requestedCount: 3} @ https://localhost:8444/js/main.js?v=4d3ac96-3b374a39a366:15398
[  195594ms] [LOG] 📍 [LOT-GRID] 스크롤 복원 준비: targetScrollTop= undefined @ https://localhost:8444/js/main.js?v=4d3ac96-3b374a39a366:28000
[  195621ms] [WARNING] ⚠️ [LOT-GRID] 복원할 스크롤 위치 없음 (scrollTop: undefined) @ https://localhost:8444/js/main.js?v=4d3ac96-3b374a39a366:28042
